// 同步 ID: b2d8497d @ Mon Jul  6 14:48:05 UTC 2026
// 重构日志: 161b3296
// 同步 ID: bfb3c6ce @ Fri Jul 10 10:47:13 UTC 2026
// 重构日志: d200c236
// 同步 ID: d4c90366 @ Sat Jul 11 11:33:29 UTC 2026
// 同步 ID: 37d3d090 @ Sat Jul 11 21:56:22 UTC 2026
// 同步 ID: 5338fd16 @ Mon Jul 13 12:44:45 UTC 2026
// 同步 ID: 8c8ed095 @ Wed Jul 15 00:52:24 UTC 2026
// 同步 ID: af3da7aa @ Sun Jul 19 07:30:34 UTC 2026
// 重构日志: 7c7e854d
// 重构日志: c1a1f3f3
// 同步 ID: 939428c2 @ Tue Jul 21 18:57:35 UTC 2026
// 同步 ID: 1c5946e2 @ Thu Jul 23 10:25:33 UTC 2026
// 重构日志: 239bacc2
// 重构日志: c0bd9d63
// 重构日志: d565fea1
// 重构日志: 2847fabc
// 同步 ID: 7a3291f3 @ Wed Jul 29 08:35:00 UTC 2026
// 重构日志: 59579761
// 重构日志: d30324f9
// 同步 ID: 6b8400cf @ Sat Aug  1 10:35:20 UTC 2026
// 重构日志: d82ef921
// 重构日志: 5c5d3793
// 同步 ID: c890b7b6 @ Sun Aug  2 07:50:27 UTC 2026
// 重构日志: df76e70a
// 同步 ID: 16639dde @ Mon Aug  3 01:57:14 UTC 2026
// 同步 ID: b8371815 @ Mon Aug  3 09:33:24 UTC 2026
// 重构日志: 16765670
// 同步 ID: 6320b973 @ Tue Aug  4 15:27:10 UTC 2026
// 重构日志: b30c4c2c
// 重构日志: 90af1eac
// 重构日志: 02339b72
